[2026-09-24 | 20:39:26] INFO     [fetch] ========== Scraper Started ==========                                  (fetch.py:49)
[2026-09-24 | 20:39:26] INFO     [fetch] Fetching base M3U8                                                     (fetch.py:51)
[2026-09-24 | 20:40:59] INFO     [fetch] ========== Scraper Started ==========                                  (fetch.py:49)
[2026-09-24 | 20:40:59] INFO     [fetch] Fetching base M3U8                                                     (fetch.py:51)
[2026-09-24 | 20:44:40] INFO     [fetch] ========== Scraper Started ==========                                  (fetch.py:49)
[2026-09-24 | 20:44:40] INFO     [fetch] Fetching base M3U8                                                     (fetch.py:51)
[2026-09-24 | 20:44:44] INFO     [scrapers.sportspass] Loaded 0 event(s) from cache                                           (sportspass.py:187)
[2026-09-24 | 20:44:44] INFO     [scrapers.sportspass] Scraping from "https://streamseast.eu"                                 (sportspass.py:189)
[2026-09-24 | 20:44:44] INFO     [scrapers.watchfooty] Loaded 0 event(s) from cache                                           (watchfooty.py:156)
[2026-09-24 | 20:44:44] INFO     [scrapers.watchfooty] Scraping from "https://www.watchfooty.st"                              (watchfooty.py:158)
[2026-09-24 | 20:44:44] INFO     [scrapers.fawa] Loaded 0 event(s) from cache                                           (fawa.py:92)
[2026-09-24 | 20:44:44] INFO     [scrapers.fawa] Scraping from "http://www.fawanews.sc/"                                (fawa.py:94)
[2026-09-24 | 20:44:44] INFO     [scrapers.flyembed] Loaded 0 event(s) from cache                                           (flyembed.py:156)
[2026-09-24 | 20:44:44] INFO     [scrapers.flyembed] Scraping from "https://flyembed.xyz"                                   (flyembed.py:158)
[2026-09-24 | 20:44:44] INFO     [scrapers.flyembed] Refreshing API cache                                                   (flyembed.py:93)
[2026-09-24 | 20:44:44] INFO     [scrapers.futbolx] Loaded 0 event(s) from cache                                           (futbolx.py:116)
[2026-09-24 | 20:44:44] INFO     [scrapers.futbolx] Scraping from "https://www.futbol-x.top"                               (futbolx.py:118)
[2026-09-24 | 20:44:44] INFO     [scrapers.istreameast] Loaded 0 event(s) from cache                                           (istreameast.py:112)
[2026-09-24 | 20:44:44] INFO     [scrapers.istreameast] Scraping from "https://streameast.cool"                                (istreameast.py:114)
[2026-09-24 | 20:44:44] INFO     [scrapers.mainportal] Loaded 0 event(s) from cache                                           (mainportal.py:157)
[2026-09-24 | 20:44:44] INFO     [scrapers.mainportal] Scraping from "https://mainportal66.com"                               (mainportal.py:159)
[2026-09-24 | 20:44:44] INFO     [scrapers.reedstreams] Loaded 0 event(s) from cache                                           (reedstreams.py:140)
[2026-09-24 | 20:44:44] INFO     [scrapers.reedstreams] Scraping from "https://reedstreams.link"                               (reedstreams.py:142)
[2026-09-24 | 20:44:44] INFO     [scrapers.reedstreams] Refreshing API cache                                                   (reedstreams.py:60)
[2026-09-24 | 20:44:44] INFO     [scrapers.streamcenter] Scraping from "https://streamecenter.live"                             (streamcenter.py:135)
[2026-09-24 | 20:44:44] INFO     [scrapers.streamfree] Loaded 0 event(s) from cache                                           (streamfree.py:185)
[2026-09-24 | 20:44:44] INFO     [scrapers.streamfree] Scraping from "https://streamfree.top"                                 (streamfree.py:187)
[2026-09-24 | 20:44:44] INFO     [scrapers.streamfree] Refreshing API cache                                                   (streamfree.py:122)
[2026-09-24 | 20:44:44] INFO     [scrapers.streamgate] Loaded 0 event(s) from cache                                           (streamgate.py:195)
[2026-09-24 | 20:44:44] INFO     [scrapers.streamgate] Scraping from "https://embedme.st"                                     (streamgate.py:197)
[2026-09-24 | 20:44:44] INFO     [scrapers.streamgate] Refreshing API cache                                                   (streamgate.py:127)
[2026-09-24 | 20:44:44] INFO     [scrapers.tvf90] Scraping from "https://tvf90.com"                                      (tvf90.py:138)
[2026-09-24 | 20:44:44] INFO     [scrapers.tvf90] Refreshing API cache                                                   (tvf90.py:69)
[2026-09-24 | 20:44:44] INFO     [scrapers.webcast] Scraping from "https://mlbwebcast.com & https://nflwebcast.com & https://slapstreams.com" (webcast.py:152)
[2026-09-24 | 20:44:44] INFO     [scrapers.xyzstreams] Loaded 0 event(s) from cache                                           (xyzstreams.py:190)
[2026-09-24 | 20:44:44] INFO     [scrapers.xyzstreams] Scraping from "https://xyzstreams.st"                                  (xyzstreams.py:192)
[2026-09-24 | 20:44:44] INFO     [scrapers.xyzstreams] Refreshing HTML cache                                                  (xyzstreams.py:165)
[2026-09-24 | 20:44:46] INFO     [scrapers.istreameast] No new events found                                                    (istreameast.py:159)
[2026-09-24 | 20:44:46] INFO     [scrapers.xyzstreams] No new events found                                                    (xyzstreams.py:235)
[2026-09-24 | 20:44:46] INFO     [scrapers.tvf90] Processing 72 new URL(s)                                               (tvf90.py:141)
[2026-09-24 | 20:44:46] INFO     [scrapers.sportspass] No new events found                                                    (sportspass.py:235)
[2026-09-24 | 20:44:46] INFO     [scrapers.streamfree] No new events found                                                    (streamfree.py:229)
[2026-09-24 | 20:44:47] INFO     [scrapers.futbolx] Collected and cached 2 new event(s)                                    (futbolx.py:123)
[2026-09-24 | 20:44:47] INFO     [scrapers.fawa] Processing 26 new URL(s)                                               (fawa.py:97)
[2026-09-24 | 20:44:47] INFO     [scrapers.reedstreams] No new events found                                                    (reedstreams.py:184)
[2026-09-24 | 20:44:47] INFO     [scrapers.flyembed] No new events found                                                    (flyembed.py:201)
[2026-09-24 | 20:44:47] INFO     [scrapers.streamgate] No new events found                                                    (streamgate.py:242)
[2026-09-24 | 20:44:47] INFO     [scrapers.tvf90] URL 1) Captured M3U8                                                   (tvf90.py:58)
[2026-09-24 | 20:44:47] INFO     [scrapers.fawa] URL 1) Captured M3U8                                                   (fawa.py:33)
[2026-09-24 | 20:44:47] INFO     [scrapers.watchfooty] Processing 4 new URL(s)                                                (watchfooty.py:161)
[2026-09-24 | 20:44:47] INFO     [scrapers.mainportal] No new events found                                                    (mainportal.py:202)
[2026-09-24 | 20:44:47] INFO     [scrapers.fawa] URL 2) Captured M3U8                                                   (fawa.py:33)
[2026-09-24 | 20:44:47] INFO     [scrapers.tvf90] URL 2) Captured M3U8                                                   (tvf90.py:58)
[2026-09-24 | 20:44:47] INFO     [scrapers.streamcenter] Processing 38 URL(s)                                                   (streamcenter.py:138)
[2026-09-24 | 20:44:47] INFO     [scrapers.webcast] Processing 24 URL(s)                                                   (webcast.py:155)
[2026-09-24 | 20:44:48] INFO     [scrapers.fawa] URL 3) Captured M3U8                                                   (fawa.py:33)
[2026-09-24 | 20:44:48] INFO     [scrapers.tvf90] URL 3) Captured M3U8                                                   (tvf90.py:58)
[2026-09-24 | 20:44:48] INFO     [scrapers.fawa] URL 4) Captured M3U8                                                   (fawa.py:33)
[2026-09-24 | 20:44:48] INFO     [scrapers.fawa] URL 5) Captured M3U8                                                   (fawa.py:33)
[2026-09-24 | 20:44:48] INFO     [scrapers.tvf90] URL 4) Captured M3U8                                                   (tvf90.py:58)
[2026-09-24 | 20:44:48] INFO     [scrapers.fawa] URL 6) Captured M3U8                                                   (fawa.py:33)
[2026-09-24 | 20:44:48] INFO     [scrapers.webcast] URL 1) Captured M3U8                                                   (webcast.py:94)
[2026-09-24 | 20:44:49] INFO     [scrapers.tvf90] URL 5) Captured M3U8                                                   (tvf90.py:58)
[2026-09-24 | 20:44:49] INFO     [scrapers.streamcenter] URL 1) Captured M3U8                                                   (streamcenter.py:61)
[2026-09-24 | 20:44:49] INFO     [scrapers.fawa] URL 7) Captured M3U8                                                   (fawa.py:33)
[2026-09-24 | 20:44:49] INFO     [scrapers.fawa] URL 8) Captured M3U8                                                   (fawa.py:33)
[2026-09-24 | 20:44:49] INFO     [scrapers.tvf90] URL 6) Captured M3U8                                                   (tvf90.py:58)
[2026-09-24 | 20:44:49] INFO     [scrapers.webcast] URL 2) Captured M3U8                                                   (webcast.py:94)
[2026-09-24 | 20:44:49] INFO     [scrapers.streamcenter] URL 2) Captured M3U8                                                   (streamcenter.py:61)
[2026-09-24 | 20:44:49] INFO     [scrapers.tvf90] URL 7) Captured M3U8                                                   (tvf90.py:58)
[2026-09-24 | 20:44:50] INFO     [scrapers.fawa] URL 9) Captured M3U8                                                   (fawa.py:33)
[2026-09-24 | 20:44:50] INFO     [scrapers.tvf90] URL 8) Captured M3U8                                                   (tvf90.py:58)
[2026-09-24 | 20:44:50] INFO     [scrapers.streamcenter] URL 3) Captured M3U8                                                   (streamcenter.py:61)
[2026-09-24 | 20:44:50] INFO     [scrapers.webcast] URL 3) Captured M3U8                                                   (webcast.py:94)
[2026-09-24 | 20:44:50] INFO     [scrapers.fawa] URL 10) Captured M3U8                                                  (fawa.py:33)
[2026-09-24 | 20:44:50] INFO     [scrapers.fawa] URL 11) Captured M3U8                                                  (fawa.py:33)
[2026-09-24 | 20:44:50] INFO     [scrapers.tvf90] URL 9) Captured M3U8                                                   (tvf90.py:58)
[2026-09-24 | 20:44:50] INFO     [scrapers.streamcenter] URL 4) Captured M3U8                                                   (streamcenter.py:61)
[2026-09-24 | 20:44:50] INFO     [scrapers.fawa] URL 12) Captured M3U8                                                  (fawa.py:33)
[2026-09-24 | 20:44:50] INFO     [scrapers.webcast] URL 4) Captured M3U8                                                   (webcast.py:94)
[2026-09-24 | 20:44:50] INFO     [scrapers.tvf90] URL 10) Captured M3U8                                                  (tvf90.py:58)
[2026-09-24 | 20:44:50] INFO     [scrapers.fawa] URL 13) Captured M3U8                                                  (fawa.py:33)
[2026-09-24 | 20:44:51] INFO     [scrapers.fawa] URL 14) Captured M3U8                                                  (fawa.py:33)
[2026-09-24 | 20:44:51] INFO     [scrapers.streamcenter] URL 5) Captured M3U8                                                   (streamcenter.py:61)
[2026-09-24 | 20:44:51] INFO     [scrapers.tvf90] URL 11) Captured M3U8                                                  (tvf90.py:58)
[2026-09-24 | 20:44:51] INFO     [scrapers.fawa] URL 15) Captured M3U8                                                  (fawa.py:33)
[2026-09-24 | 20:44:51] INFO     [scrapers.webcast] URL 5) Captured M3U8                                                   (webcast.py:94)
[2026-09-24 | 20:44:51] INFO     [scrapers.fawa] URL 16) Captured M3U8                                                  (fawa.py:33)
[2026-09-24 | 20:44:51] INFO     [scrapers.streamcenter] URL 6) Captured M3U8                                                   (streamcenter.py:61)
[2026-09-24 | 20:44:51] INFO     [scrapers.fawa] URL 17) Captured M3U8                                                  (fawa.py:33)
[2026-09-24 | 20:44:52] INFO     [scrapers.fawa] URL 18) Captured M3U8                                                  (fawa.py:33)
[2026-09-24 | 20:44:52] INFO     [scrapers.webcast] URL 6) Captured M3U8                                                   (webcast.py:94)
[2026-09-24 | 20:44:52] INFO     [scrapers.fawa] URL 19) Captured M3U8                                                  (fawa.py:33)
[2026-09-24 | 20:44:52] INFO     [scrapers.streamcenter] URL 7) Captured M3U8                                                   (streamcenter.py:61)
[2026-09-24 | 20:44:52] WARNING  [scrapers.tvf90] URL 12) No iframe source found.                                        (tvf90.py:35)
[2026-09-24 | 20:44:52] INFO     [scrapers.fawa] URL 20) Captured M3U8                                                  (fawa.py:33)
[2026-09-24 | 20:44:52] INFO     [scrapers.fawa] URL 21) Captured M3U8                                                  (fawa.py:33)
[2026-09-24 | 20:44:52] INFO     [scrapers.webcast] URL 7) Captured M3U8                                                   (webcast.py:94)
[2026-09-24 | 20:44:52] INFO     [scrapers.tvf90] URL 13) Captured M3U8                                                  (tvf90.py:58)
[2026-09-24 | 20:44:52] INFO     [scrapers.fawa] URL 22) Captured M3U8                                                  (fawa.py:33)
[2026-09-24 | 20:44:52] INFO     [scrapers.streamcenter] URL 8) Captured M3U8                                                   (streamcenter.py:61)
[2026-09-24 | 20:44:53] INFO     [scrapers.fawa] URL 23) Captured M3U8                                                  (fawa.py:33)
[2026-09-24 | 20:44:53] INFO     [scrapers.tvf90] URL 14) Captured M3U8                                                  (tvf90.py:58)
[2026-09-24 | 20:44:53] INFO     [scrapers.fawa] URL 24) Captured M3U8                                                  (fawa.py:33)
[2026-09-24 | 20:44:53] INFO     [scrapers.webcast] URL 8) Captured M3U8                                                   (webcast.py:94)
[2026-09-24 | 20:44:53] INFO     [scrapers.streamcenter] URL 9) Captured M3U8                                                   (streamcenter.py:61)
[2026-09-24 | 20:44:53] INFO     [scrapers.tvf90] URL 15) Captured M3U8                                                  (tvf90.py:58)
[2026-09-24 | 20:44:53] INFO     [scrapers.fawa] URL 25) Captured M3U8                                                  (fawa.py:33)
[2026-09-24 | 20:44:53] INFO     [scrapers.fawa] URL 26) Captured M3U8                                                  (fawa.py:33)
[2026-09-24 | 20:44:53] INFO     [scrapers.fawa] Collected and cached 26 new event(s)                                   (fawa.py:135)
[2026-09-24 | 20:44:54] INFO     [scrapers.tvf90] URL 16) Captured M3U8                                                  (tvf90.py:58)
[2026-09-24 | 20:44:54] INFO     [scrapers.webcast] URL 9) Captured M3U8                                                   (webcast.py:94)
[2026-09-24 | 20:44:54] INFO     [scrapers.streamcenter] URL 10) Captured M3U8                                                  (streamcenter.py:61)
[2026-09-24 | 20:44:54] INFO     [scrapers.tvf90] URL 17) Captured M3U8                                                  (tvf90.py:58)
[2026-09-24 | 20:44:54] INFO     [scrapers.tvf90] URL 18) Captured M3U8                                                  (tvf90.py:58)
[2026-09-24 | 20:44:54] INFO     [scrapers.streamcenter] URL 11) Captured M3U8                                                  (streamcenter.py:61)
[2026-09-24 | 20:44:54] INFO     [scrapers.webcast] URL 10) Captured M3U8                                                  (webcast.py:94)
[2026-09-24 | 20:44:55] INFO     [scrapers.tvf90] URL 19) Captured M3U8                                                  (tvf90.py:58)
[2026-09-24 | 20:44:55] INFO     [scrapers.streamcenter] URL 12) Captured M3U8                                                  (streamcenter.py:61)
[2026-09-24 | 20:44:55] INFO     [scrapers.tvf90] URL 20) Captured M3U8                                                  (tvf90.py:58)
[2026-09-24 | 20:44:55] INFO     [scrapers.webcast] URL 11) Captured M3U8                                                  (webcast.py:94)
[2026-09-24 | 20:44:55] INFO     [scrapers.streamcenter] URL 13) Captured M3U8                                                  (streamcenter.py:61)
[2026-09-24 | 20:44:55] INFO     [scrapers.tvf90] URL 21) Captured M3U8                                                  (tvf90.py:58)
[2026-09-24 | 20:44:56] INFO     [scrapers.webcast] URL 12) Captured M3U8                                                  (webcast.py:94)
[2026-09-24 | 20:44:56] INFO     [scrapers.tvf90] URL 22) Captured M3U8                                                  (tvf90.py:58)
[2026-09-24 | 20:44:56] INFO     [scrapers.streamcenter] URL 14) Captured M3U8                                                  (streamcenter.py:61)
[2026-09-24 | 20:44:56] INFO     [scrapers.tvf90] URL 23) Captured M3U8                                                  (tvf90.py:58)
[2026-09-24 | 20:44:57] INFO     [scrapers.streamcenter] URL 15) Captured M3U8                                                  (streamcenter.py:61)
[2026-09-24 | 20:44:57] INFO     [scrapers.tvf90] URL 24) Captured M3U8                                                  (tvf90.py:58)
[2026-09-24 | 20:44:57] INFO     [scrapers.tvf90] URL 25) Captured M3U8                                                  (tvf90.py:58)
[2026-09-24 | 20:44:57] INFO     [scrapers.streamcenter] URL 16) Captured M3U8                                                  (streamcenter.py:61)
[2026-09-24 | 20:44:57] INFO     [scrapers.watchfooty] URL 1) Captured M3U8                                                   (webwork.py:307)
[2026-09-24 | 20:44:57] INFO     [scrapers.tvf90] URL 26) Captured M3U8                                                  (tvf90.py:58)
[2026-09-24 | 20:44:58] INFO     [scrapers.streamcenter] URL 17) Captured M3U8                                                  (streamcenter.py:61)
[2026-09-24 | 20:44:58] INFO     [scrapers.tvf90] URL 27) Captured M3U8                                                  (tvf90.py:58)
[2026-09-24 | 20:44:58] INFO     [scrapers.webcast] URL 13) Captured M3U8                                                  (webcast.py:94)
[2026-09-24 | 20:44:58] INFO     [scrapers.tvf90] URL 28) Captured M3U8                                                  (tvf90.py:58)
[2026-09-24 | 20:44:58] INFO     [scrapers.streamcenter] URL 18) Captured M3U8                                                  (streamcenter.py:61)
[2026-09-24 | 20:44:58] INFO     [scrapers.tvf90] URL 29) Captured M3U8                                                  (tvf90.py:58)
[2026-09-24 | 20:44:59] INFO     [scrapers.streamcenter] URL 19) Captured M3U8                                                  (streamcenter.py:61)
[2026-09-24 | 20:44:59] INFO     [scrapers.tvf90] URL 30) Captured M3U8                                                  (tvf90.py:58)
[2026-09-24 | 20:44:59] INFO     [scrapers.tvf90] URL 31) Captured M3U8                                                  (tvf90.py:58)
[2026-09-24 | 20:44:59] INFO     [scrapers.streamcenter] URL 20) Captured M3U8                                                  (streamcenter.py:61)
[2026-09-24 | 20:45:00] INFO     [scrapers.tvf90] URL 32) Captured M3U8                                                  (tvf90.py:58)
[2026-09-24 | 20:45:00] INFO     [scrapers.webcast] URL 14) Captured M3U8                                                  (webcast.py:94)
[2026-09-24 | 20:45:00] INFO     [scrapers.streamcenter] URL 21) Captured M3U8                                                  (streamcenter.py:61)
[2026-09-24 | 20:45:00] INFO     [scrapers.tvf90] URL 33) Captured M3U8                                                  (tvf90.py:58)
[2026-09-24 | 20:45:00] INFO     [scrapers.tvf90] URL 34) Captured M3U8                                                  (tvf90.py:58)
[2026-09-24 | 20:45:00] INFO     [scrapers.streamcenter] URL 22) Captured M3U8                                                  (streamcenter.py:61)
[2026-09-24 | 20:45:01] INFO     [scrapers.tvf90] URL 35) Captured M3U8                                                  (tvf90.py:58)
[2026-09-24 | 20:45:01] INFO     [scrapers.streamcenter] URL 23) Captured M3U8                                                  (streamcenter.py:61)
[2026-09-24 | 20:45:01] INFO     [scrapers.tvf90] URL 36) Captured M3U8                                                  (tvf90.py:58)
[2026-09-24 | 20:45:01] INFO     [scrapers.watchfooty] URL 2) Captured M3U8                                                   (webwork.py:307)
[2026-09-24 | 20:45:01] INFO     [scrapers.webcast] URL 15) Captured M3U8                                                  (webcast.py:94)
[2026-09-24 | 20:45:01] INFO     [scrapers.tvf90] URL 37) Captured M3U8                                                  (tvf90.py:58)
[2026-09-24 | 20:45:02] INFO     [scrapers.streamcenter] URL 24) Captured M3U8                                                  (streamcenter.py:61)
[2026-09-24 | 20:45:02] INFO     [scrapers.tvf90] URL 38) Captured M3U8                                                  (tvf90.py:58)
[2026-09-24 | 20:45:02] INFO     [scrapers.streamcenter] URL 25) Captured M3U8                                                  (streamcenter.py:61)
[2026-09-24 | 20:45:02] INFO     [scrapers.webcast] URL 16) Captured M3U8                                                  (webcast.py:94)
[2026-09-24 | 20:45:02] INFO     [scrapers.tvf90] URL 39) Captured M3U8                                                  (tvf90.py:58)
[2026-09-24 | 20:45:03] INFO     [scrapers.tvf90] URL 40) Captured M3U8                                                  (tvf90.py:58)
[2026-09-24 | 20:45:03] INFO     [scrapers.streamcenter] URL 26) Captured M3U8                                                  (streamcenter.py:61)
[2026-09-24 | 20:45:03] INFO     [scrapers.tvf90] URL 41) Captured M3U8                                                  (tvf90.py:58)
[2026-09-24 | 20:45:03] INFO     [scrapers.webcast] URL 17) Captured M3U8                                                  (webcast.py:94)
[2026-09-24 | 20:45:03] INFO     [scrapers.streamcenter] URL 27) Captured M3U8                                                  (streamcenter.py:61)
[2026-09-24 | 20:45:03] INFO     [scrapers.tvf90] URL 42) Captured M3U8                                                  (tvf90.py:58)
[2026-09-24 | 20:45:04] INFO     [scrapers.tvf90] URL 43) Captured M3U8                                                  (tvf90.py:58)
[2026-09-24 | 20:45:04] INFO     [scrapers.streamcenter] URL 28) Captured M3U8                                                  (streamcenter.py:61)
[2026-09-24 | 20:45:04] INFO     [scrapers.tvf90] URL 44) Captured M3U8                                                  (tvf90.py:58)
[2026-09-24 | 20:45:04] INFO     [scrapers.webcast] URL 18) Captured M3U8                                                  (webcast.py:94)
[2026-09-24 | 20:45:04] INFO     [scrapers.tvf90] URL 45) Captured M3U8                                                  (tvf90.py:58)
[2026-09-24 | 20:45:04] INFO     [scrapers.streamcenter] URL 29) Captured M3U8                                                  (streamcenter.py:61)
[2026-09-24 | 20:45:05] INFO     [scrapers.watchfooty] URL 3) Captured M3U8                                                   (webwork.py:307)
[2026-09-24 | 20:45:05] INFO     [scrapers.tvf90] URL 46) Captured M3U8                                                  (tvf90.py:58)
[2026-09-24 | 20:45:05] INFO     [scrapers.streamcenter] URL 30) Captured M3U8                                                  (streamcenter.py:61)
[2026-09-24 | 20:45:05] INFO     [scrapers.webcast] URL 19) Captured M3U8                                                  (webcast.py:94)
[2026-09-24 | 20:45:05] INFO     [scrapers.tvf90] URL 47) Captured M3U8                                                  (tvf90.py:58)
[2026-09-24 | 20:45:06] INFO     [scrapers.streamcenter] URL 31) Captured M3U8                                                  (streamcenter.py:61)
[2026-09-24 | 20:45:06] INFO     [scrapers.tvf90] URL 48) Captured M3U8                                                  (tvf90.py:58)
[2026-09-24 | 20:45:06] INFO     [scrapers.tvf90] URL 49) Captured M3U8                                                  (tvf90.py:58)
[2026-09-24 | 20:45:06] INFO     [scrapers.streamcenter] URL 32) Captured M3U8                                                  (streamcenter.py:61)
[2026-09-24 | 20:45:06] INFO     [scrapers.webcast] URL 20) Captured M3U8                                                  (webcast.py:94)
[2026-09-24 | 20:45:06] INFO     [scrapers.tvf90] URL 50) Captured M3U8                                                  (tvf90.py:58)
[2026-09-24 | 20:45:07] INFO     [scrapers.streamcenter] URL 33) Captured M3U8                                                  (streamcenter.py:61)
[2026-09-24 | 20:45:07] INFO     [scrapers.tvf90] URL 51) Captured M3U8                                                  (tvf90.py:58)
[2026-09-24 | 20:45:07] INFO     [scrapers.tvf90] URL 52) Captured M3U8                                                  (tvf90.py:58)
[2026-09-24 | 20:45:07] INFO     [scrapers.webcast] URL 21) Captured M3U8                                                  (webcast.py:94)
[2026-09-24 | 20:45:07] INFO     [scrapers.streamcenter] URL 34) Captured M3U8                                                  (streamcenter.py:61)
[2026-09-24 | 20:45:07] INFO     [scrapers.tvf90] URL 53) Captured M3U8                                                  (tvf90.py:58)
[2026-09-24 | 20:45:08] INFO     [scrapers.streamcenter] URL 35) Captured M3U8                                                  (streamcenter.py:61)
[2026-09-24 | 20:45:08] INFO     [scrapers.tvf90] URL 54) Captured M3U8                                                  (tvf90.py:58)
[2026-09-24 | 20:45:08] INFO     [scrapers.webcast] URL 22) Captured M3U8                                                  (webcast.py:94)
[2026-09-24 | 20:45:08] INFO     [scrapers.tvf90] URL 55) Captured M3U8                                                  (tvf90.py:58)
[2026-09-24 | 20:45:08] INFO     [scrapers.streamcenter] URL 36) Captured M3U8                                                  (streamcenter.py:61)
[2026-09-24 | 20:45:09] INFO     [scrapers.tvf90] URL 56) Captured M3U8                                                  (tvf90.py:58)
[2026-09-24 | 20:45:09] INFO     [scrapers.streamcenter] URL 37) Captured M3U8                                                  (streamcenter.py:61)
[2026-09-24 | 20:45:09] INFO     [scrapers.tvf90] URL 57) Captured M3U8                                                  (tvf90.py:58)
[2026-09-24 | 20:45:09] INFO     [scrapers.webcast] URL 23) Captured M3U8                                                  (webcast.py:94)
[2026-09-24 | 20:45:09] INFO     [scrapers.watchfooty] URL 4) Captured M3U8                                                   (webwork.py:307)
[2026-09-24 | 20:45:09] INFO     [scrapers.watchfooty] Collected and cached 4 new event(s)                                    (watchfooty.py:207)
[2026-09-24 | 20:45:09] INFO     [scrapers.tvf90] URL 58) Captured M3U8                                                  (tvf90.py:58)
[2026-09-24 | 20:45:09] INFO     [scrapers.streamcenter] URL 38) Captured M3U8                                                  (streamcenter.py:61)
[2026-09-24 | 20:45:09] INFO     [scrapers.streamcenter] Collected and cached 38 event(s)                                       (streamcenter.py:172)
[2026-09-24 | 20:45:10] INFO     [scrapers.tvf90] URL 59) Captured M3U8                                                  (tvf90.py:58)
[2026-09-24 | 20:45:10] INFO     [scrapers.tvf90] URL 60) Captured M3U8                                                  (tvf90.py:58)
[2026-09-24 | 20:45:10] INFO     [scrapers.webcast] URL 24) Captured M3U8                                                  (webcast.py:94)
[2026-09-24 | 20:45:10] INFO     [scrapers.webcast] Collected and cached 24 event(s)                                       (webcast.py:192)
[2026-09-24 | 20:45:11] INFO     [scrapers.tvf90] URL 61) Captured M3U8                                                  (tvf90.py:58)
[2026-09-24 | 20:45:11] INFO     [scrapers.tvf90] URL 62) Captured M3U8                                                  (tvf90.py:58)
[2026-09-24 | 20:45:11] INFO     [scrapers.tvf90] URL 63) Captured M3U8                                                  (tvf90.py:58)
[2026-09-24 | 20:45:12] INFO     [scrapers.tvf90] URL 64) Captured M3U8                                                  (tvf90.py:58)
[2026-09-24 | 20:45:12] INFO     [scrapers.tvf90] URL 65) Captured M3U8                                                  (tvf90.py:58)
[2026-09-24 | 20:45:12] INFO     [scrapers.tvf90] URL 66) Captured M3U8                                                  (tvf90.py:58)
[2026-09-24 | 20:45:13] INFO     [scrapers.tvf90] URL 67) Captured M3U8                                                  (tvf90.py:58)
[2026-09-24 | 20:45:13] INFO     [scrapers.tvf90] URL 68) Captured M3U8                                                  (tvf90.py:58)
[2026-09-24 | 20:45:14] INFO     [scrapers.tvf90] URL 69) Captured M3U8                                                  (tvf90.py:58)
[2026-09-24 | 20:45:14] INFO     [scrapers.tvf90] URL 70) Captured M3U8                                                  (tvf90.py:58)
[2026-09-24 | 20:45:14] INFO     [scrapers.tvf90] URL 71) Captured M3U8                                                  (tvf90.py:58)
[2026-09-24 | 20:45:15] INFO     [scrapers.tvf90] URL 72) Captured M3U8                                                  (tvf90.py:58)
[2026-09-24 | 20:45:15] INFO     [scrapers.tvf90] Collected and cached 71 event(s)                                       (tvf90.py:174)
[2026-09-24 | 20:45:15] INFO     [fetch] Base + Events saved to X:\Github\vivatvsports\m3u8\androidtv.m3u8      (fetch.py:139)
[2026-09-24 | 20:45:15] INFO     [fetch] Events saved to X:\Github\vivatvsports\m3u8\events.m3u8                (fetch.py:147)
